<SquishReport version="1.2">
    <summary expected_fails="0" tests="82" warnings="0" testcases="16" passes="82" unexpected_passes="0" errors="0" fatals="0" fails="0"/>
    <testresult message="Start 'suite_Test'" result="START" time="2025-01-16T04:20:16">Test 'suite_Test' started</testresult>
    <testresult expected_fails="0" message="Start 'tst_UI-01_layoutCheck'" result="START_TEST_CASE" warnings="0" time="2025-01-16T04:20:16" passes="22" unexpected_passes="0" errors="0" fatals="0" info="tst_UI-01_layoutCheck" fails="0">Test 'tst_UI-01_layoutCheck' started</testresult>
    <testresult message="Comparison" result="PASS" time="2025-01-16T04:20:17" line="C:\Users\omare\OneDrive\Documents\qtContactManager\actions-runner\_work\qtContactManager\qtContactManager\tests\suite_Test\tst_UI-01_layoutCheck\test.py:7">'Name' and 'Name' are equal</testresult>
    <testresult message="Comparison" result="PASS" time="2025-01-16T04:20:17" line="C:\Users\omare\OneDrive\Documents\qtContactManager\actions-runner\_work\qtContactManager\qtContactManager\tests\suite_Test\tst_UI-01_layoutCheck\test.py:8">'Phone Number' and 'Phone Number' are equal</testresult>
    <testresult message="Comparison" result="PASS" time="2025-01-16T04:20:17" line="C:\Users\omare\OneDrive\Documents\qtContactManager\actions-runner\_work\qtContactManager\qtContactManager\tests\suite_Test\tst_UI-01_layoutCheck\test.py:9">'Email (Optional)' and 'Email (Optional)' are equal</testresult>
    <testresult message="Comparison" result="PASS" time="2025-01-16T04:20:17" line="C:\Users\omare\OneDrive\Documents\qtContactManager\actions-runner\_work\qtContactManager\qtContactManager\tests\suite_Test\tst_UI-01_layoutCheck\test.py:10">'100' and '100' are equal</testresult>
    <testresult message="Comparison" result="PASS" time="2025-01-16T04:20:17" line="C:\Users\omare\OneDrive\Documents\qtContactManager\actions-runner\_work\qtContactManager\qtContactManager\tests\suite_Test\tst_UI-01_layoutCheck\test.py:11">'16' and '16' are equal</testresult>
    <testresult message="Comparison" result="PASS" time="2025-01-16T04:20:17" line="C:\Users\omare\OneDrive\Documents\qtContactManager\actions-runner\_work\qtContactManager\qtContactManager\tests\suite_Test\tst_UI-01_layoutCheck\test.py:12">'315' and '315' are equal</testresult>
    <testresult message="Comparison" result="PASS" time="2025-01-16T04:20:17" line="C:\Users\omare\OneDrive\Documents\qtContactManager\actions-runner\_work\qtContactManager\qtContactManager\tests\suite_Test\tst_UI-01_layoutCheck\test.py:13">'35' and '35' are equal</testresult>
    <testresult message="Comparison" result="PASS" time="2025-01-16T04:20:17" line="C:\Users\omare\OneDrive\Documents\qtContactManager\actions-runner\_work\qtContactManager\qtContactManager\tests\suite_Test\tst_UI-01_layoutCheck\test.py:14">'100' and '100' are equal</testresult>
    <testresult message="Comparison" result="PASS" time="2025-01-16T04:20:17" line="C:\Users\omare\OneDrive\Documents\qtContactManager\actions-runner\_work\qtContactManager\qtContactManager\tests\suite_Test\tst_UI-01_layoutCheck\test.py:15">'57' and '57' are equal</testresult>
    <testresult message="Comparison" result="PASS" time="2025-01-16T04:20:17" line="C:\Users\omare\OneDrive\Documents\qtContactManager\actions-runner\_work\qtContactManager\qtContactManager\tests\suite_Test\tst_UI-01_layoutCheck\test.py:16">'315' and '315' are equal</testresult>
    <testresult message="Comparison" result="PASS" time="2025-01-16T04:20:17" line="C:\Users\omare\OneDrive\Documents\qtContactManager\actions-runner\_work\qtContactManager\qtContactManager\tests\suite_Test\tst_UI-01_layoutCheck\test.py:17">'35' and '35' are equal</testresult>
    <testresult message="Comparison" result="PASS" time="2025-01-16T04:20:17" line="C:\Users\omare\OneDrive\Documents\qtContactManager\actions-runner\_work\qtContactManager\qtContactManager\tests\suite_Test\tst_UI-01_layoutCheck\test.py:18">'100' and '100' are equal</testresult>
    <testresult message="Comparison" result="PASS" time="2025-01-16T04:20:17" line="C:\Users\omare\OneDrive\Documents\qtContactManager\actions-runner\_work\qtContactManager\qtContactManager\tests\suite_Test\tst_UI-01_layoutCheck\test.py:19">'98' and '98' are equal</testresult>
    <testresult message="Comparison" result="PASS" time="2025-01-16T04:20:17" line="C:\Users\omare\OneDrive\Documents\qtContactManager\actions-runner\_work\qtContactManager\qtContactManager\tests\suite_Test\tst_UI-01_layoutCheck\test.py:20">'315' and '315' are equal</testresult>
    <testresult message="Comparison" result="PASS" time="2025-01-16T04:20:17" line="C:\Users\omare\OneDrive\Documents\qtContactManager\actions-runner\_work\qtContactManager\qtContactManager\tests\suite_Test\tst_UI-01_layoutCheck\test.py:21">'35' and '35' are equal</testresult>
    <testresult message="Comparison" result="PASS" time="2025-01-16T04:20:17" line="C:\Users\omare\OneDrive\Documents\qtContactManager\actions-runner\_work\qtContactManager\qtContactManager\tests\suite_Test\tst_UI-01_layoutCheck\test.py:22">'True' and 'True' are equal</testresult>
    <testresult message="Comparison" result="PASS" time="2025-01-16T04:20:17" line="C:\Users\omare\OneDrive\Documents\qtContactManager\actions-runner\_work\qtContactManager\qtContactManager\tests\suite_Test\tst_UI-01_layoutCheck\test.py:23">'9' and '9' are equal</testresult>
    <testresult message="Comparison" result="PASS" time="2025-01-16T04:20:17" line="C:\Users\omare\OneDrive\Documents\qtContactManager\actions-runner\_work\qtContactManager\qtContactManager\tests\suite_Test\tst_UI-01_layoutCheck\test.py:24">'224' and '224' are equal</testresult>
    <testresult message="Comparison" result="PASS" time="2025-01-16T04:20:17" line="C:\Users\omare\OneDrive\Documents\qtContactManager\actions-runner\_work\qtContactManager\qtContactManager\tests\suite_Test\tst_UI-01_layoutCheck\test.py:25">'406' and '406' are equal</testresult>
    <testresult message="Comparison" result="PASS" time="2025-01-16T04:20:17" line="C:\Users\omare\OneDrive\Documents\qtContactManager\actions-runner\_work\qtContactManager\qtContactManager\tests\suite_Test\tst_UI-01_layoutCheck\test.py:26">'320' and '320' are equal</testresult>
    <testresult message="Comparison" result="PASS" time="2025-01-16T04:20:17" line="C:\Users\omare\OneDrive\Documents\qtContactManager\actions-runner\_work\qtContactManager\qtContactManager\tests\suite_Test\tst_UI-01_layoutCheck\test.py:27">'removeBtn' and 'removeBtn' are equal</testresult>
    <testresult message="Comparison" result="PASS" time="2025-01-16T04:20:17" line="C:\Users\omare\OneDrive\Documents\qtContactManager\actions-runner\_work\qtContactManager\qtContactManager\tests\suite_Test\tst_UI-01_layoutCheck\test.py:28">'removeAllBtn' and 'removeAllBtn' are equal</testresult>
    <testresult message="End 'tst_UI-01_layoutCheck'" result="END_TEST_CASE" time="2025-01-16T04:20:17">End of test 'tst_UI-01_layoutCheck'</testresult>
    <testresult expected_fails="0" message="Start 'tst_UI-02_horizontalResizeCheck'" result="START_TEST_CASE" warnings="0" time="2025-01-16T04:20:18" passes="4" unexpected_passes="0" errors="0" fatals="0" info="tst_UI-02_horizontalResizeCheck" fails="0">Test 'tst_UI-02_horizontalResizeCheck' started</testresult>
    <testresult message="Comparison" result="PASS" time="2025-01-16T04:20:19" line="C:\Users\omare\OneDrive\Documents\qtContactManager\actions-runner\_work\qtContactManager\qtContactManager\tests\suite_Test\tst_UI-02_horizontalResizeCheck\test.py:8">'True' and 'True' are equal</testresult>
    <testresult message="Comparison" result="PASS" time="2025-01-16T04:20:19" line="C:\Users\omare\OneDrive\Documents\qtContactManager\actions-runner\_work\qtContactManager\qtContactManager\tests\suite_Test\tst_UI-02_horizontalResizeCheck\test.py:9">'100' and '100' are equal</testresult>
    <testresult message="Comparison" result="PASS" time="2025-01-16T04:20:19" line="C:\Users\omare\OneDrive\Documents\qtContactManager\actions-runner\_work\qtContactManager\qtContactManager\tests\suite_Test\tst_UI-02_horizontalResizeCheck\test.py:10">'671' and '671' are equal</testresult>
    <testresult message="Comparison" result="PASS" time="2025-01-16T04:20:20" line="C:\Users\omare\OneDrive\Documents\qtContactManager\actions-runner\_work\qtContactManager\qtContactManager\tests\suite_Test\tst_UI-02_horizontalResizeCheck\test.py:12">'300' and '300' are equal</testresult>
    <testresult message="End 'tst_UI-02_horizontalResizeCheck'" result="END_TEST_CASE" time="2025-01-16T04:20:20">End of test 'tst_UI-02_horizontalResizeCheck'</testresult>
    <testresult expected_fails="0" message="Start 'tst_UI-03_verticalResizeCheck'" result="START_TEST_CASE" warnings="0" time="2025-01-16T04:20:20" passes="7" unexpected_passes="0" errors="0" fatals="0" info="tst_UI-03_verticalResizeCheck" fails="0">Test 'tst_UI-03_verticalResizeCheck' started</testresult>
    <testresult message="Comparison" result="PASS" time="2025-01-16T04:20:21" line="C:\Users\omare\OneDrive\Documents\qtContactManager\actions-runner\_work\qtContactManager\qtContactManager\tests\suite_Test\tst_UI-03_verticalResizeCheck\test.py:8">'35' and '35' are equal</testresult>
    <testresult message="Comparison" result="PASS" time="2025-01-16T04:20:21" line="C:\Users\omare\OneDrive\Documents\qtContactManager\actions-runner\_work\qtContactManager\qtContactManager\tests\suite_Test\tst_UI-03_verticalResizeCheck\test.py:9">'315' and '315' are equal</testresult>
    <testresult message="Comparison" result="PASS" time="2025-01-16T04:20:21" line="C:\Users\omare\OneDrive\Documents\qtContactManager\actions-runner\_work\qtContactManager\qtContactManager\tests\suite_Test\tst_UI-03_verticalResizeCheck\test.py:10">'320' and '320' are equal</testresult>
    <testresult message="Comparison" result="PASS" time="2025-01-16T04:20:21" line="C:\Users\omare\OneDrive\Documents\qtContactManager\actions-runner\_work\qtContactManager\qtContactManager\tests\suite_Test\tst_UI-03_verticalResizeCheck\test.py:11">'406' and '406' are equal</testresult>
    <testresult message="Comparison" result="PASS" time="2025-01-16T04:20:22" line="C:\Users\omare\OneDrive\Documents\qtContactManager\actions-runner\_work\qtContactManager\qtContactManager\tests\suite_Test\tst_UI-03_verticalResizeCheck\test.py:13">'320' and '320' are equal</testresult>
    <testresult message="Comparison" result="PASS" time="2025-01-16T04:20:22" line="C:\Users\omare\OneDrive\Documents\qtContactManager\actions-runner\_work\qtContactManager\qtContactManager\tests\suite_Test\tst_UI-03_verticalResizeCheck\test.py:14">'315' and '315' are equal</testresult>
    <testresult message="Comparison" result="PASS" time="2025-01-16T04:20:22" line="C:\Users\omare\OneDrive\Documents\qtContactManager\actions-runner\_work\qtContactManager\qtContactManager\tests\suite_Test\tst_UI-03_verticalResizeCheck\test.py:15">'35' and '35' are equal</testresult>
    <testresult message="End 'tst_UI-03_verticalResizeCheck'" result="END_TEST_CASE" time="2025-01-16T04:20:22">End of test 'tst_UI-03_verticalResizeCheck'</testresult>
    <testresult expected_fails="0" message="Start 'tst_UI-04_scrollableTable'" result="START_TEST_CASE" warnings="0" time="2025-01-16T04:20:22" passes="2" unexpected_passes="0" errors="0" fatals="0" info="tst_UI-04_scrollableTable" fails="0">Test 'tst_UI-04_scrollableTable' started</testresult>
    <testresult message="Comparison" result="PASS" time="2025-01-16T04:20:24" line="C:\Users\omare\OneDrive\Documents\qtContactManager\actions-runner\_work\qtContactManager\qtContactManager\tests\suite_Test\tst_UI-04_scrollableTable\test.py:14">'False' and 'False' are equal</testresult>
    <testresult message="Comparison" result="PASS" time="2025-01-16T04:20:24" line="C:\Users\omare\OneDrive\Documents\qtContactManager\actions-runner\_work\qtContactManager\qtContactManager\tests\suite_Test\tst_UI-04_scrollableTable\test.py:18">'True' and 'True' are equal</testresult>
    <testresult message="End 'tst_UI-04_scrollableTable'" result="END_TEST_CASE" time="2025-01-16T04:20:24">End of test 'tst_UI-04_scrollableTable'</testresult>
    <testresult expected_fails="0" message="Start 'tst_F-01_ValidData'" result="START_TEST_CASE" warnings="0" time="2025-01-16T04:20:25" passes="3" unexpected_passes="0" errors="0" fatals="0" info="tst_F-01_ValidData" fails="0">Test 'tst_F-01_ValidData' started</testresult>
    <testresult message="Comparison" result="PASS" time="2025-01-16T04:20:25" line="C:\Users\omare\OneDrive\Documents\qtContactManager\actions-runner\_work\qtContactManager\qtContactManager\tests\suite_Test\tst_F-01_ValidData\test.py:11">'Omar' and 'Omar' are equal</testresult>
    <testresult message="Comparison" result="PASS" time="2025-01-16T04:20:25" line="C:\Users\omare\OneDrive\Documents\qtContactManager\actions-runner\_work\qtContactManager\qtContactManager\tests\suite_Test\tst_F-01_ValidData\test.py:12">'01096937772' and '01096937772' are equal</testresult>
    <testresult message="Comparison" result="PASS" time="2025-01-16T04:20:25" line="C:\Users\omare\OneDrive\Documents\qtContactManager\actions-runner\_work\qtContactManager\qtContactManager\tests\suite_Test\tst_F-01_ValidData\test.py:13">'omar@gmail.com' and 'omar@gmail.com' are equal</testresult>
    <testresult message="End 'tst_F-01_ValidData'" result="END_TEST_CASE" time="2025-01-16T04:20:25">End of test 'tst_F-01_ValidData'</testresult>
    <testresult expected_fails="0" message="Start 'tst_F-02_EmptyRequired'" result="START_TEST_CASE" warnings="0" time="2025-01-16T04:20:26" passes="4" unexpected_passes="0" errors="0" fatals="0" info="tst_F-02_EmptyRequired" fails="0">Test 'tst_F-02_EmptyRequired' started</testresult>
    <testresult message="Comparison" result="PASS" time="2025-01-16T04:20:27" line="C:\Users\omare\OneDrive\Documents\qtContactManager\actions-runner\_work\qtContactManager\qtContactManager\tests\suite_Test\tst_F-02_EmptyRequired\test.py:13">'Error' and 'Error' are equal</testresult>
    <testresult message="Comparison" result="PASS" time="2025-01-16T04:20:27" line="C:\Users\omare\OneDrive\Documents\qtContactManager\actions-runner\_work\qtContactManager\qtContactManager\tests\suite_Test\tst_F-02_EmptyRequired\test.py:14">'Name cannot be empty.' and 'Name cannot be empty.' are equal</testresult>
    <testresult message="Comparison" result="PASS" time="2025-01-16T04:20:27" line="C:\Users\omare\OneDrive\Documents\qtContactManager\actions-runner\_work\qtContactManager\qtContactManager\tests\suite_Test\tst_F-02_EmptyRequired\test.py:24">'Error' and 'Error' are equal</testresult>
    <testresult message="Comparison" result="PASS" time="2025-01-16T04:20:27" line="C:\Users\omare\OneDrive\Documents\qtContactManager\actions-runner\_work\qtContactManager\qtContactManager\tests\suite_Test\tst_F-02_EmptyRequired\test.py:25">'Phone number cannot be empty.' and 'Phone number cannot be empty.' are equal</testresult>
    <testresult message="End 'tst_F-02_EmptyRequired'" result="END_TEST_CASE" time="2025-01-16T04:20:27">End of test 'tst_F-02_EmptyRequired'</testresult>
    <testresult expected_fails="0" message="Start 'tst_F-03_ExistingInfo'" result="START_TEST_CASE" warnings="0" time="2025-01-16T04:20:28" passes="6" unexpected_passes="0" errors="0" fatals="0" info="tst_F-03_ExistingInfo" fails="0">Test 'tst_F-03_ExistingInfo' started</testresult>
    <testresult message="Comparison" result="PASS" time="2025-01-16T04:20:28" line="C:\Users\omare\OneDrive\Documents\qtContactManager\actions-runner\_work\qtContactManager\qtContactManager\tests\suite_Test\tst_F-03_ExistingInfo\test.py:22">'Error' and 'Error' are equal</testresult>
    <testresult message="Comparison" result="PASS" time="2025-01-16T04:20:28" line="C:\Users\omare\OneDrive\Documents\qtContactManager\actions-runner\_work\qtContactManager\qtContactManager\tests\suite_Test\tst_F-03_ExistingInfo\test.py:23">'Phone number already exists.' and 'Phone number already exists.' are equal</testresult>
    <testresult message="Comparison" result="PASS" time="2025-01-16T04:20:30" line="C:\Users\omare\OneDrive\Documents\qtContactManager\actions-runner\_work\qtContactManager\qtContactManager\tests\suite_Test\tst_F-03_ExistingInfo\test.py:39">'Error' and 'Error' are equal</testresult>
    <testresult message="Comparison" result="PASS" time="2025-01-16T04:20:30" line="C:\Users\omare\OneDrive\Documents\qtContactManager\actions-runner\_work\qtContactManager\qtContactManager\tests\suite_Test\tst_F-03_ExistingInfo\test.py:40">'Name already exists.' and 'Name already exists.' are equal</testresult>
    <testresult message="Comparison" result="PASS" time="2025-01-16T04:20:30" line="C:\Users\omare\OneDrive\Documents\qtContactManager\actions-runner\_work\qtContactManager\qtContactManager\tests\suite_Test\tst_F-03_ExistingInfo\test.py:53">'Error' and 'Error' are equal</testresult>
    <testresult message="Comparison" result="PASS" time="2025-01-16T04:20:30" line="C:\Users\omare\OneDrive\Documents\qtContactManager\actions-runner\_work\qtContactManager\qtContactManager\tests\suite_Test\tst_F-03_ExistingInfo\test.py:54">'Email address already exists.' and 'Email address already exists.' are equal</testresult>
    <testresult message="End 'tst_F-03_ExistingInfo'" result="END_TEST_CASE" time="2025-01-16T04:20:30">End of test 'tst_F-03_ExistingInfo'</testresult>
    <testresult expected_fails="0" message="Start 'tst_F-04_EmptyEmail'" result="START_TEST_CASE" warnings="0" time="2025-01-16T04:20:31" passes="3" unexpected_passes="0" errors="0" fatals="0" info="tst_F-04_EmptyEmail" fails="0">Test 'tst_F-04_EmptyEmail' started</testresult>
    <testresult message="Comparison" result="PASS" time="2025-01-16T04:20:32" line="C:\Users\omare\OneDrive\Documents\qtContactManager\actions-runner\_work\qtContactManager\qtContactManager\tests\suite_Test\tst_F-04_EmptyEmail\test.py:10">'Omar' and 'Omar' are equal</testresult>
    <testresult message="Comparison" result="PASS" time="2025-01-16T04:20:32" line="C:\Users\omare\OneDrive\Documents\qtContactManager\actions-runner\_work\qtContactManager\qtContactManager\tests\suite_Test\tst_F-04_EmptyEmail\test.py:11">'01096937772' and '01096937772' are equal</testresult>
    <testresult message="Comparison" result="PASS" time="2025-01-16T04:20:32" line="C:\Users\omare\OneDrive\Documents\qtContactManager\actions-runner\_work\qtContactManager\qtContactManager\tests\suite_Test\tst_F-04_EmptyEmail\test.py:12">'' and '' are equal</testresult>
    <testresult message="End 'tst_F-04_EmptyEmail'" result="END_TEST_CASE" time="2025-01-16T04:20:32">End of test 'tst_F-04_EmptyEmail'</testresult>
    <testresult expected_fails="0" message="Start 'tst_F-05_RemoveContact'" result="START_TEST_CASE" warnings="0" time="2025-01-16T04:20:32" passes="2" unexpected_passes="0" errors="0" fatals="0" info="tst_F-05_RemoveContact" fails="0">Test 'tst_F-05_RemoveContact' started</testresult>
    <testresult message="Comparison" result="PASS" time="2025-01-16T04:20:33" line="C:\Users\omare\OneDrive\Documents\qtContactManager\actions-runner\_work\qtContactManager\qtContactManager\tests\suite_Test\tst_F-05_RemoveContact\test.py:10" info="Row Added">'1' and '1' are equal</testresult>
    <testresult message="Comparison" result="PASS" time="2025-01-16T04:20:33" line="C:\Users\omare\OneDrive\Documents\qtContactManager\actions-runner\_work\qtContactManager\qtContactManager\tests\suite_Test\tst_F-05_RemoveContact\test.py:13" info="Row Removed">'0' and '0' are equal</testresult>
    <testresult message="End 'tst_F-05_RemoveContact'" result="END_TEST_CASE" time="2025-01-16T04:20:33">End of test 'tst_F-05_RemoveContact'</testresult>
    <testresult expected_fails="0" message="Start 'tst_F-06_RemoveMultipleContacts'" result="START_TEST_CASE" warnings="0" time="2025-01-16T04:20:34" passes="2" unexpected_passes="0" errors="0" fatals="0" info="tst_F-06_RemoveMultipleContacts" fails="0">Test 'tst_F-06_RemoveMultipleContacts' started</testresult>
    <testresult message="Comparison" result="PASS" time="2025-01-16T04:20:35" line="C:\Users\omare\OneDrive\Documents\qtContactManager\actions-runner\_work\qtContactManager\qtContactManager\tests\suite_Test\tst_F-06_RemoveMultipleContacts\test.py:16" info="Two contacts added successfully">'2' and '2' are equal</testresult>
    <testresult message="Comparison" result="PASS" time="2025-01-16T04:20:35" line="C:\Users\omare\OneDrive\Documents\qtContactManager\actions-runner\_work\qtContactManager\qtContactManager\tests\suite_Test\tst_F-06_RemoveMultipleContacts\test.py:27" info="Two Contacts Removed successfully">'0' and '0' are equal</testresult>
    <testresult message="End 'tst_F-06_RemoveMultipleContacts'" result="END_TEST_CASE" time="2025-01-16T04:20:35">End of test 'tst_F-06_RemoveMultipleContacts'</testresult>
    <testresult expected_fails="0" message="Start 'tst_F-07_RemoveAll'" result="START_TEST_CASE" warnings="0" time="2025-01-16T04:20:36" passes="3" unexpected_passes="0" errors="0" fatals="0" info="tst_F-07_RemoveAll" fails="0">Test 'tst_F-07_RemoveAll' started</testresult>
    <testresult message="Comparison" result="PASS" time="2025-01-16T04:20:37" line="C:\Users\omare\OneDrive\Documents\qtContactManager\actions-runner\_work\qtContactManager\qtContactManager\tests\suite_Test\tst_F-07_RemoveAll\test.py:19" info="Contacts added successfully">'3' and '3' are equal</testresult>
    <testresult message="Comparison" result="PASS" time="2025-01-16T04:20:38" line="C:\Users\omare\OneDrive\Documents\qtContactManager\actions-runner\_work\qtContactManager\qtContactManager\tests\suite_Test\tst_F-07_RemoveAll\test.py:24" info="Request to remove all denied">'3' and '3' are equal</testresult>
    <testresult message="Comparison" result="PASS" time="2025-01-16T04:20:38" line="C:\Users\omare\OneDrive\Documents\qtContactManager\actions-runner\_work\qtContactManager\qtContactManager\tests\suite_Test\tst_F-07_RemoveAll\test.py:29" info="All Contacts are removed">'0' and '0' are equal</testresult>
    <testresult message="End 'tst_F-07_RemoveAll'" result="END_TEST_CASE" time="2025-01-16T04:20:38">End of test 'tst_F-07_RemoveAll'</testresult>
    <testresult expected_fails="0" message="Start 'tst_DV-01_InvalidPhone'" result="START_TEST_CASE" warnings="0" time="2025-01-16T04:20:39" passes="10" unexpected_passes="0" errors="0" fatals="0" info="tst_DV-01_InvalidPhone" fails="0">Test 'tst_DV-01_InvalidPhone' started</testresult>
    <testresult message="Comparison" result="PASS" time="2025-01-16T04:20:40" line="C:\Users\omare\OneDrive\Documents\qtContactManager\actions-runner\_work\qtContactManager\qtContactManager\tests\suite_Test\tst_DV-01_InvalidPhone\test.py:21">'Error' and 'Error' are equal</testresult>
    <testresult message="Comparison" result="PASS" time="2025-01-16T04:20:40" line="C:\Users\omare\OneDrive\Documents\qtContactManager\actions-runner\_work\qtContactManager\qtContactManager\tests\suite_Test\tst_DV-01_InvalidPhone\test.py:22" info="String in phone number">'Incorrect phone number' and 'Incorrect phone number' are equal</testresult>
    <testresult message="Comparison" result="PASS" time="2025-01-16T04:20:40" line="C:\Users\omare\OneDrive\Documents\qtContactManager\actions-runner\_work\qtContactManager\qtContactManager\tests\suite_Test\tst_DV-01_InvalidPhone\test.py:35">'Error' and 'Error' are equal</testresult>
    <testresult message="Comparison" result="PASS" time="2025-01-16T04:20:40" line="C:\Users\omare\OneDrive\Documents\qtContactManager\actions-runner\_work\qtContactManager\qtContactManager\tests\suite_Test\tst_DV-01_InvalidPhone\test.py:36" info="String in phone number">'Incorrect phone number' and 'Incorrect phone number' are equal</testresult>
    <testresult message="Comparison" result="PASS" time="2025-01-16T04:20:41" line="C:\Users\omare\OneDrive\Documents\qtContactManager\actions-runner\_work\qtContactManager\qtContactManager\tests\suite_Test\tst_DV-01_InvalidPhone\test.py:49">'Error' and 'Error' are equal</testresult>
    <testresult message="Comparison" result="PASS" time="2025-01-16T04:20:41" line="C:\Users\omare\OneDrive\Documents\qtContactManager\actions-runner\_work\qtContactManager\qtContactManager\tests\suite_Test\tst_DV-01_InvalidPhone\test.py:50" info="Phone number exceeding 11 digits">'Incorrect phone number' and 'Incorrect phone number' are equal</testresult>
    <testresult message="Comparison" result="PASS" time="2025-01-16T04:20:41" line="C:\Users\omare\OneDrive\Documents\qtContactManager\actions-runner\_work\qtContactManager\qtContactManager\tests\suite_Test\tst_DV-01_InvalidPhone\test.py:63">'Error' and 'Error' are equal</testresult>
    <testresult message="Comparison" result="PASS" time="2025-01-16T04:20:41" line="C:\Users\omare\OneDrive\Documents\qtContactManager\actions-runner\_work\qtContactManager\qtContactManager\tests\suite_Test\tst_DV-01_InvalidPhone\test.py:64" info="Phone number less than 11 digits">'Incorrect phone number' and 'Incorrect phone number' are equal</testresult>
    <testresult message="Comparison" result="PASS" time="2025-01-16T04:20:41" line="C:\Users\omare\OneDrive\Documents\qtContactManager\actions-runner\_work\qtContactManager\qtContactManager\tests\suite_Test\tst_DV-01_InvalidPhone\test.py:77">'Error' and 'Error' are equal</testresult>
    <testresult message="Comparison" result="PASS" time="2025-01-16T04:20:41" line="C:\Users\omare\OneDrive\Documents\qtContactManager\actions-runner\_work\qtContactManager\qtContactManager\tests\suite_Test\tst_DV-01_InvalidPhone\test.py:78" info="Phone number starting with wrong digits">'Incorrect phone number' and 'Incorrect phone number' are equal</testresult>
    <testresult message="End 'tst_DV-01_InvalidPhone'" result="END_TEST_CASE" time="2025-01-16T04:20:41">End of test 'tst_DV-01_InvalidPhone'</testresult>
    <testresult expected_fails="0" message="Start 'tst_DV-02_InvalidEmail'" result="START_TEST_CASE" warnings="0" time="2025-01-16T04:20:42" passes="8" unexpected_passes="0" errors="0" fatals="0" info="tst_DV-02_InvalidEmail" fails="0">Test 'tst_DV-02_InvalidEmail' started</testresult>
    <testresult message="Comparison" result="PASS" time="2025-01-16T04:20:43" line="C:\Users\omare\OneDrive\Documents\qtContactManager\actions-runner\_work\qtContactManager\qtContactManager\tests\suite_Test\tst_DV-02_InvalidEmail\test.py:21">'Error' and 'Error' are equal</testresult>
    <testresult message="Comparison" result="PASS" time="2025-01-16T04:20:43" line="C:\Users\omare\OneDrive\Documents\qtContactManager\actions-runner\_work\qtContactManager\qtContactManager\tests\suite_Test\tst_DV-02_InvalidEmail\test.py:22" info="Single Character Email">'Incorrect email address' and 'Incorrect email address' are equal</testresult>
    <testresult message="Comparison" result="PASS" time="2025-01-16T04:20:43" line="C:\Users\omare\OneDrive\Documents\qtContactManager\actions-runner\_work\qtContactManager\qtContactManager\tests\suite_Test\tst_DV-02_InvalidEmail\test.py:34">'Error' and 'Error' are equal</testresult>
    <testresult message="Comparison" result="PASS" time="2025-01-16T04:20:43" line="C:\Users\omare\OneDrive\Documents\qtContactManager\actions-runner\_work\qtContactManager\qtContactManager\tests\suite_Test\tst_DV-02_InvalidEmail\test.py:35" info="Email wrong format">'Incorrect email address' and 'Incorrect email address' are equal</testresult>
    <testresult message="Comparison" result="PASS" time="2025-01-16T04:20:44" line="C:\Users\omare\OneDrive\Documents\qtContactManager\actions-runner\_work\qtContactManager\qtContactManager\tests\suite_Test\tst_DV-02_InvalidEmail\test.py:47">'Error' and 'Error' are equal</testresult>
    <testresult message="Comparison" result="PASS" time="2025-01-16T04:20:44" line="C:\Users\omare\OneDrive\Documents\qtContactManager\actions-runner\_work\qtContactManager\qtContactManager\tests\suite_Test\tst_DV-02_InvalidEmail\test.py:48" info="Email wrong format">'Incorrect email address' and 'Incorrect email address' are equal</testresult>
    <testresult message="Comparison" result="PASS" time="2025-01-16T04:20:44" line="C:\Users\omare\OneDrive\Documents\qtContactManager\actions-runner\_work\qtContactManager\qtContactManager\tests\suite_Test\tst_DV-02_InvalidEmail\test.py:59">'Error' and 'Error' are equal</testresult>
    <testresult message="Comparison" result="PASS" time="2025-01-16T04:20:44" line="C:\Users\omare\OneDrive\Documents\qtContactManager\actions-runner\_work\qtContactManager\qtContactManager\tests\suite_Test\tst_DV-02_InvalidEmail\test.py:60" info="Email wrong format">'Incorrect email address' and 'Incorrect email address' are equal</testresult>
    <testresult message="End 'tst_DV-02_InvalidEmail'" result="END_TEST_CASE" time="2025-01-16T04:20:44">End of test 'tst_DV-02_InvalidEmail'</testresult>
    <testresult expected_fails="0" message="Start 'tst_DV-03_FieldsExceedsLimit'" result="START_TEST_CASE" warnings="0" time="2025-01-16T04:20:45" passes="4" unexpected_passes="0" errors="0" fatals="0" info="tst_DV-03_FieldsExceedsLimit" fails="0">Test 'tst_DV-03_FieldsExceedsLimit' started</testresult>
    <testresult message="Comparison" result="PASS" time="2025-01-16T04:20:46" line="C:\Users\omare\OneDrive\Documents\qtContactManager\actions-runner\_work\qtContactManager\qtContactManager\tests\suite_Test\tst_DV-03_FieldsExceedsLimit\test.py:20" info="Error detected">'Error' and 'Error' are equal</testresult>
    <testresult message="Comparison" result="PASS" time="2025-01-16T04:20:46" line="C:\Users\omare\OneDrive\Documents\qtContactManager\actions-runner\_work\qtContactManager\qtContactManager\tests\suite_Test\tst_DV-03_FieldsExceedsLimit\test.py:21" info="Name Field Exceeds 30 Characters">'Name field exceeds limit of 30 characters.' and 'Name field exceeds limit of 30 characters.' are equal</testresult>
    <testresult message="Comparison" result="PASS" time="2025-01-16T04:20:46" line="C:\Users\omare\OneDrive\Documents\qtContactManager\actions-runner\_work\qtContactManager\qtContactManager\tests\suite_Test\tst_DV-03_FieldsExceedsLimit\test.py:35" info="Error detected">'Error' and 'Error' are equal</testresult>
    <testresult message="Comparison" result="PASS" time="2025-01-16T04:20:46" line="C:\Users\omare\OneDrive\Documents\qtContactManager\actions-runner\_work\qtContactManager\qtContactManager\tests\suite_Test\tst_DV-03_FieldsExceedsLimit\test.py:36" info="Email Field Exceeds 50 Characters">'Email exceeds 50 characters limit' and 'Email exceeds 50 characters limit' are equal</testresult>
    <testresult message="End 'tst_DV-03_FieldsExceedsLimit'" result="END_TEST_CASE" time="2025-01-16T04:20:46">End of test 'tst_DV-03_FieldsExceedsLimit'</testresult>
    <testresult expected_fails="0" message="Start 'tst_US-03_RemoveNoRow'" result="START_TEST_CASE" warnings="0" time="2025-01-16T04:20:47" passes="1" unexpected_passes="0" errors="0" fatals="0" info="tst_US-03_RemoveNoRow" fails="0">Test 'tst_US-03_RemoveNoRow' started</testresult>
    <testresult message="Comparison" result="PASS" time="2025-01-16T04:20:48" line="C:\Users\omare\OneDrive\Documents\qtContactManager\actions-runner\_work\qtContactManager\qtContactManager\tests\suite_Test\tst_US-03_RemoveNoRow\test.py:11">'Please select a row to be removed!' and 'Please select a row to be removed!' are equal</testresult>
    <testresult message="End 'tst_US-03_RemoveNoRow'" result="END_TEST_CASE" time="2025-01-16T04:20:48">End of test 'tst_US-03_RemoveNoRow'</testresult>
    <testresult expected_fails="0" message="Start 'tst_US-04_RemovingEmptyTable'" result="START_TEST_CASE" warnings="0" time="2025-01-16T04:20:49" passes="1" unexpected_passes="0" errors="0" fatals="0" info="tst_US-04_RemovingEmptyTable" fails="0">Test 'tst_US-04_RemovingEmptyTable' started</testresult>
    <testresult message="Comparison" result="PASS" time="2025-01-16T04:20:50" line="C:\Users\omare\OneDrive\Documents\qtContactManager\actions-runner\_work\qtContactManager\qtContactManager\tests\suite_Test\tst_US-04_RemovingEmptyTable\test.py:8">'Table is empty!' and 'Table is empty!' are equal</testresult>
    <testresult message="End 'tst_US-04_RemovingEmptyTable'" result="END_TEST_CASE" time="2025-01-16T04:20:50">End of test 'tst_US-04_RemovingEmptyTable'</testresult>
    <testresult message="End 'suite_Test'" result="END" time="2025-01-16T04:20:50">End of test 'suite_Test'</testresult>
</SquishReport>
